[repo.chr1s.dev/index.html]
[backblue.gif]
[fade.gif]
[index.html]
[repo.chr1s.dev/favicon.ico]
[repo.chr1s.dev/_next/static/chunks/main-d565e89761f2c21f97b7.js]
[repo.chr1s.dev/_next/static/chunks/webpack-e067438c4cf4ef2ef178.js]
[repo.chr1s.dev/_next/static/chunks/framework.f7778716ff86b3768de2.js]
[repo.chr1s.dev/_next/static/chunks/4ca50b35ba4cb7d81f3919e02d2492f63a326fd1.6379b08007bc7c707a83.js]
[repo.chr1s.dev/_next/static/chunks/f6078781a05fe1bcb0902d23dbbb2662c8d200b3.143726a156ef4a0c7fa5.js]
[repo.chr1s.dev/_next/static/chunks/pages/_app-21160a7334184050716a.js]
[repo.chr1s.dev/_next/static/chunks/3e1a7ea8c099a07fac296cb94cd4fe9c42ebc256.67857786da8ec90dc104.js]
[repo.chr1s.dev/_next/static/chunks/pages/index-3071d4311e56d67467d1.js]
[repo.chr1s.dev/assets/package-managers/Cydia.png]
[repo.chr1s.dev/assets/package-managers/Zebra.png]
[repo.chr1s.dev/assets/package-managers/Sileo.png]
[repo.chr1s.dev/_next/static/chunks/polyfills-ff58146f96da6d6b6775.js]
[repo.chr1s.dev/_next/static/NBAjchEoZ3wdrwIDZs_h_/_buildManifest.js]
[repo.chr1s.dev/_next/static/NBAjchEoZ3wdrwIDZs_h_/_ssgManifest.js]
[repo.chr1s.dev/index.html]
